// Jest Snapshot v1, https://goo.gl/fbAQLP

exports[`<CreateQuestion /> CreateQuestion test against snapshot 1`] = `
<RCTScrollView>
  <View>
    <View
      style={
        Object {
          "alignItems": "center",
          "flex": 1,
          "padding": 20,
        }
      }
    >
      <View
        style={
          Object {
            "marginTop": 50,
            "padding": 20,
          }
        }
      >
        <Text
          style={
            Object {
              "fontSize": 42.5,
            }
          }
          theme={
            Object {
              "colors": Object {
                "disabled": "hsl(208, 8%, 90%)",
                "divider": "#bcbbc1",
                "error": "#ff190c",
                "grey0": "#393e42",
                "grey1": "#43484d",
                "grey2": "#5e6977",
                "grey3": "#86939e",
                "grey4": "#bdc6cf",
                "grey5": "#e1e8ee",
                "greyOutline": "#bbb",
                "platform": Object {
                  "android": Object {
                    "error": "#f44336",
                    "primary": "#2196f3",
                    "secondary": "#9C27B0",
                    "success": "#4caf50",
                    "warning": "#ffeb3b",
                  },
                  "ios": Object {
                    "error": "#ff3b30",
                    "primary": "#007aff",
                    "secondary": "#5856d6",
                    "success": "#4cd964",
                    "warning": "#ffcc00",
                  },
                },
                "primary": "#2089dc",
                "searchBg": "#303337",
                "secondary": "#8F0CE8",
                "success": "#52c41a",
                "warning": "#faad14",
              },
            }
          }
        >
          New Question
        </Text>
      </View>
      <View
        style={
          Object {
            "alignItems": "center",
            "flex": 1,
            "marginTop": 10,
            "padding": 20,
          }
        }
      >
        <TextInput
          allowFontScaling={true}
          autoCapitalize="none"
          className="questionInput"
          onChangeText={[Function]}
          placeholder="Title"
          placeholderTextColor="darkgrey"
          rejectResponderTermination={true}
          style={
            Object {
              "backgroundColor": "whitesmoke",
              "borderRadius": 14,
              "color": "grey",
              "fontSize": 18,
              "fontWeight": "500",
              "height": 55,
              "margin": 10,
              "padding": 8,
              "width": 300,
            }
          }
          underlineColorAndroid="transparent"
        />
        <TextInput
          allowFontScaling={true}
          autoCapitalize="none"
          className="description"
          onChangeText={[Function]}
          placeholder="Description"
          placeholderTextColor="darkgrey"
          rejectResponderTermination={true}
          style={
            Object {
              "backgroundColor": "whitesmoke",
              "borderRadius": 14,
              "color": "grey",
              "fontSize": 18,
              "fontWeight": "500",
              "height": 55,
              "margin": 10,
              "padding": 8,
              "width": 300,
            }
          }
          underlineColorAndroid="transparent"
        />
        <Text
          style={Object {}}
          theme={
            Object {
              "colors": Object {
                "disabled": "hsl(208, 8%, 90%)",
                "divider": "#bcbbc1",
                "error": "#ff190c",
                "grey0": "#393e42",
                "grey1": "#43484d",
                "grey2": "#5e6977",
                "grey3": "#86939e",
                "grey4": "#bdc6cf",
                "grey5": "#e1e8ee",
                "greyOutline": "#bbb",
                "platform": Object {
                  "android": Object {
                    "error": "#f44336",
                    "primary": "#2196f3",
                    "secondary": "#9C27B0",
                    "success": "#4caf50",
                    "warning": "#ffeb3b",
                  },
                  "ios": Object {
                    "error": "#ff3b30",
                    "primary": "#007aff",
                    "secondary": "#5856d6",
                    "success": "#4cd964",
                    "warning": "#ffcc00",
                  },
                },
                "primary": "#2089dc",
                "searchBg": "#303337",
                "secondary": "#8F0CE8",
                "success": "#52c41a",
                "warning": "#faad14",
              },
            }
          }
        >
          --------------------------
        </Text>
        <Text
          style={Object {}}
          theme={
            Object {
              "colors": Object {
                "disabled": "hsl(208, 8%, 90%)",
                "divider": "#bcbbc1",
                "error": "#ff190c",
                "grey0": "#393e42",
                "grey1": "#43484d",
                "grey2": "#5e6977",
                "grey3": "#86939e",
                "grey4": "#bdc6cf",
                "grey5": "#e1e8ee",
                "greyOutline": "#bbb",
                "platform": Object {
                  "android": Object {
                    "error": "#f44336",
                    "primary": "#2196f3",
                    "secondary": "#9C27B0",
                    "success": "#4caf50",
                    "warning": "#ffeb3b",
                  },
                  "ios": Object {
                    "error": "#ff3b30",
                    "primary": "#007aff",
                    "secondary": "#5856d6",
                    "success": "#4cd964",
                    "warning": "#ffcc00",
                  },
                },
                "primary": "#2089dc",
                "searchBg": "#303337",
                "secondary": "#8F0CE8",
                "success": "#52c41a",
                "warning": "#faad14",
              },
            }
          }
        >
          Fill in at least 2 answers
        </Text>
        <View>
          <TextInput
            allowFontScaling={true}
            className="title1"
            onChangeText={[Function]}
            placeholder="Answer 1"
            placeholderTextColor="darkgrey"
            rejectResponderTermination={true}
            style={
              Object {
                "backgroundColor": "whitesmoke",
                "borderRadius": 14,
                "color": "grey",
                "fontSize": 18,
                "fontWeight": "500",
                "height": 55,
                "margin": 10,
                "padding": 8,
                "width": 300,
              }
            }
            underlineColorAndroid="transparent"
          />
          <View
            accessible={true}
            isTVSelectable={true}
            onResponderGrant={[Function]}
            onResponderMove={[Function]}
            onResponderRelease={[Function]}
            onResponderTerminate={[Function]}
            onResponderTerminationRequest={[Function]}
            onStartShouldSetResponder={[Function]}
            style={
              Object {
                "backgroundColor": "white",
                "borderColor": "white",
                "borderRadius": 3,
                "borderWidth": 1,
                "margin": 5,
                "marginLeft": 10,
                "marginRight": 10,
                "opacity": 1,
                "padding": 10,
              }
            }
            testID="checkbox"
          >
            <View
              style={
                Object {
                  "alignItems": "center",
                  "flexDirection": "row",
                }
              }
            >
              <Text />
              <Text
                style={
                  Object {
                    "color": "#43484d",
                    "fontWeight": "bold",
                    "marginLeft": 10,
                    "marginRight": 10,
                  }
                }
                testID="checkboxTitle"
                theme={
                  Object {
                    "colors": Object {
                      "disabled": "hsl(208, 8%, 90%)",
                      "divider": "#bcbbc1",
                      "error": "#ff190c",
                      "grey0": "#393e42",
                      "grey1": "#43484d",
                      "grey2": "#5e6977",
                      "grey3": "#86939e",
                      "grey4": "#bdc6cf",
                      "grey5": "#e1e8ee",
                      "greyOutline": "#bbb",
                      "platform": Object {
                        "android": Object {
                          "error": "#f44336",
                          "primary": "#2196f3",
                          "secondary": "#9C27B0",
                          "success": "#4caf50",
                          "warning": "#ffeb3b",
                        },
                        "ios": Object {
                          "error": "#ff3b30",
                          "primary": "#007aff",
                          "secondary": "#5856d6",
                          "success": "#4cd964",
                          "warning": "#ffcc00",
                        },
                      },
                      "primary": "#2089dc",
                      "searchBg": "#303337",
                      "secondary": "#8F0CE8",
                      "success": "#52c41a",
                      "warning": "#faad14",
                    },
                  }
                }
              >
                Mark as correct
              </Text>
            </View>
          </View>
        </View>
        <View>
          <TextInput
            allowFontScaling={true}
            className="title2"
            onChangeText={[Function]}
            placeholder="Answer 2"
            placeholderTextColor="darkgrey"
            rejectResponderTermination={true}
            style={
              Object {
                "backgroundColor": "whitesmoke",
                "borderRadius": 14,
                "color": "grey",
                "fontSize": 18,
                "fontWeight": "500",
                "height": 55,
                "margin": 10,
                "padding": 8,
                "width": 300,
              }
            }
            underlineColorAndroid="transparent"
          />
          <View
            accessible={true}
            isTVSelectable={true}
            onResponderGrant={[Function]}
            onResponderMove={[Function]}
            onResponderRelease={[Function]}
            onResponderTerminate={[Function]}
            onResponderTerminationRequest={[Function]}
            onStartShouldSetResponder={[Function]}
            style={
              Object {
                "backgroundColor": "white",
                "borderColor": "white",
                "borderRadius": 3,
                "borderWidth": 1,
                "margin": 5,
                "marginLeft": 10,
                "marginRight": 10,
                "opacity": 1,
                "padding": 10,
              }
            }
            testID="checkbox"
          >
            <View
              style={
                Object {
                  "alignItems": "center",
                  "flexDirection": "row",
                }
              }
            >
              <Text />
              <Text
                style={
                  Object {
                    "color": "#43484d",
                    "fontWeight": "bold",
                    "marginLeft": 10,
                    "marginRight": 10,
                  }
                }
                testID="checkboxTitle"
                theme={
                  Object {
                    "colors": Object {
                      "disabled": "hsl(208, 8%, 90%)",
                      "divider": "#bcbbc1",
                      "error": "#ff190c",
                      "grey0": "#393e42",
                      "grey1": "#43484d",
                      "grey2": "#5e6977",
                      "grey3": "#86939e",
                      "grey4": "#bdc6cf",
                      "grey5": "#e1e8ee",
                      "greyOutline": "#bbb",
                      "platform": Object {
                        "android": Object {
                          "error": "#f44336",
                          "primary": "#2196f3",
                          "secondary": "#9C27B0",
                          "success": "#4caf50",
                          "warning": "#ffeb3b",
                        },
                        "ios": Object {
                          "error": "#ff3b30",
                          "primary": "#007aff",
                          "secondary": "#5856d6",
                          "success": "#4cd964",
                          "warning": "#ffcc00",
                        },
                      },
                      "primary": "#2089dc",
                      "searchBg": "#303337",
                      "secondary": "#8F0CE8",
                      "success": "#52c41a",
                      "warning": "#faad14",
                    },
                  }
                }
              >
                Mark as correct
              </Text>
            </View>
          </View>
        </View>
        <View>
          <TextInput
            allowFontScaling={true}
            className="title3"
            onChangeText={[Function]}
            placeholder="Answer 3"
            placeholderTextColor="darkgrey"
            rejectResponderTermination={true}
            style={
              Object {
                "backgroundColor": "whitesmoke",
                "borderRadius": 14,
                "color": "grey",
                "fontSize": 18,
                "fontWeight": "500",
                "height": 55,
                "margin": 10,
                "padding": 8,
                "width": 300,
              }
            }
            underlineColorAndroid="transparent"
          />
          <View
            accessible={true}
            isTVSelectable={true}
            onResponderGrant={[Function]}
            onResponderMove={[Function]}
            onResponderRelease={[Function]}
            onResponderTerminate={[Function]}
            onResponderTerminationRequest={[Function]}
            onStartShouldSetResponder={[Function]}
            style={
              Object {
                "backgroundColor": "white",
                "borderColor": "white",
                "borderRadius": 3,
                "borderWidth": 1,
                "margin": 5,
                "marginLeft": 10,
                "marginRight": 10,
                "opacity": 1,
                "padding": 10,
              }
            }
            testID="checkbox"
          >
            <View
              style={
                Object {
                  "alignItems": "center",
                  "flexDirection": "row",
                }
              }
            >
              <Text />
              <Text
                style={
                  Object {
                    "color": "#43484d",
                    "fontWeight": "bold",
                    "marginLeft": 10,
                    "marginRight": 10,
                  }
                }
                testID="checkboxTitle"
                theme={
                  Object {
                    "colors": Object {
                      "disabled": "hsl(208, 8%, 90%)",
                      "divider": "#bcbbc1",
                      "error": "#ff190c",
                      "grey0": "#393e42",
                      "grey1": "#43484d",
                      "grey2": "#5e6977",
                      "grey3": "#86939e",
                      "grey4": "#bdc6cf",
                      "grey5": "#e1e8ee",
                      "greyOutline": "#bbb",
                      "platform": Object {
                        "android": Object {
                          "error": "#f44336",
                          "primary": "#2196f3",
                          "secondary": "#9C27B0",
                          "success": "#4caf50",
                          "warning": "#ffeb3b",
                        },
                        "ios": Object {
                          "error": "#ff3b30",
                          "primary": "#007aff",
                          "secondary": "#5856d6",
                          "success": "#4cd964",
                          "warning": "#ffcc00",
                        },
                      },
                      "primary": "#2089dc",
                      "searchBg": "#303337",
                      "secondary": "#8F0CE8",
                      "success": "#52c41a",
                      "warning": "#faad14",
                    },
                  }
                }
              >
                Mark as correct
              </Text>
            </View>
          </View>
        </View>
        <View>
          <TextInput
            allowFontScaling={true}
            className="title4"
            onChangeText={[Function]}
            placeholder="Answer 4"
            placeholderTextColor="darkgrey"
            rejectResponderTermination={true}
            style={
              Object {
                "backgroundColor": "whitesmoke",
                "borderRadius": 14,
                "color": "grey",
                "fontSize": 18,
                "fontWeight": "500",
                "height": 55,
                "margin": 10,
                "padding": 8,
                "width": 300,
              }
            }
            underlineColorAndroid="transparent"
          />
          <View
            accessible={true}
            isTVSelectable={true}
            onResponderGrant={[Function]}
            onResponderMove={[Function]}
            onResponderRelease={[Function]}
            onResponderTerminate={[Function]}
            onResponderTerminationRequest={[Function]}
            onStartShouldSetResponder={[Function]}
            style={
              Object {
                "backgroundColor": "white",
                "borderColor": "white",
                "borderRadius": 3,
                "borderWidth": 1,
                "margin": 5,
                "marginLeft": 10,
                "marginRight": 10,
                "opacity": 1,
                "padding": 10,
              }
            }
            testID="checkbox"
          >
            <View
              style={
                Object {
                  "alignItems": "center",
                  "flexDirection": "row",
                }
              }
            >
              <Text />
              <Text
                style={
                  Object {
                    "color": "#43484d",
                    "fontWeight": "bold",
                    "marginLeft": 10,
                    "marginRight": 10,
                  }
                }
                testID="checkboxTitle"
                theme={
                  Object {
                    "colors": Object {
                      "disabled": "hsl(208, 8%, 90%)",
                      "divider": "#bcbbc1",
                      "error": "#ff190c",
                      "grey0": "#393e42",
                      "grey1": "#43484d",
                      "grey2": "#5e6977",
                      "grey3": "#86939e",
                      "grey4": "#bdc6cf",
                      "grey5": "#e1e8ee",
                      "greyOutline": "#bbb",
                      "platform": Object {
                        "android": Object {
                          "error": "#f44336",
                          "primary": "#2196f3",
                          "secondary": "#9C27B0",
                          "success": "#4caf50",
                          "warning": "#ffeb3b",
                        },
                        "ios": Object {
                          "error": "#ff3b30",
                          "primary": "#007aff",
                          "secondary": "#5856d6",
                          "success": "#4cd964",
                          "warning": "#ffcc00",
                        },
                      },
                      "primary": "#2089dc",
                      "searchBg": "#303337",
                      "secondary": "#8F0CE8",
                      "success": "#52c41a",
                      "warning": "#faad14",
                    },
                  }
                }
              >
                Mark as correct
              </Text>
            </View>
          </View>
        </View>
        <View />
        <View
          style={
            Object {
              "borderRadius": 14,
            }
          }
        >
          <View
            accessible={true}
            isTVSelectable={true}
            onResponderGrant={[Function]}
            onResponderMove={[Function]}
            onResponderRelease={[Function]}
            onResponderTerminate={[Function]}
            onResponderTerminationRequest={[Function]}
            onStartShouldSetResponder={[Function]}
            style={
              Object {
                "opacity": 1,
              }
            }
          >
            <View
              style={
                Object {
                  "alignItems": "center",
                  "backgroundColor": "grey",
                  "borderColor": "#2089dc",
                  "borderRadius": 14,
                  "borderWidth": 0,
                  "flexDirection": "row",
                  "height": 55,
                  "justifyContent": "center",
                  "margin": 10,
                  "marginTop": 20,
                  "padding": 8,
                  "width": 150,
                }
              }
            >
              <Text
                style={
                  Object {
                    "color": "white",
                    "fontSize": 18,
                    "paddingBottom": 1,
                    "paddingTop": 2,
                    "textAlign": "center",
                  }
                }
              >
                Create
              </Text>
            </View>
          </View>
        </View>
        <View
          style={
            Object {
              "borderRadius": 14,
            }
          }
        >
          <View
            accessible={true}
            isTVSelectable={true}
            onResponderGrant={[Function]}
            onResponderMove={[Function]}
            onResponderRelease={[Function]}
            onResponderTerminate={[Function]}
            onResponderTerminationRequest={[Function]}
            onStartShouldSetResponder={[Function]}
            style={
              Object {
                "opacity": 1,
              }
            }
          >
            <View
              style={
                Object {
                  "alignItems": "center",
                  "backgroundColor": "transparent",
                  "borderColor": "#2089dc",
                  "borderRadius": 14,
                  "borderWidth": 0,
                  "flexDirection": "row",
                  "height": 55,
                  "justifyContent": "center",
                  "padding": 8,
                  "width": 150,
                }
              }
            >
              <Text
                style={
                  Object {
                    "color": "grey",
                    "fontSize": 18,
                    "paddingBottom": 1,
                    "paddingTop": 2,
                    "textAlign": "center",
                  }
                }
              >
                Return
              </Text>
            </View>
          </View>
        </View>
      </View>
    </View>
  </View>
</RCTScrollView>
`;
