// Jest Snapshot v1, https://goo.gl/fbAQLP

exports[`<SettingsEditor /> SettingsEditor test against snapshot 1`] = `
<View
  style={
    Object {
      "alignItems": "center",
      "flex": 1,
      "padding": 20,
    }
  }
>
  <View
    style={
      Object {
        "marginTop": 50,
        "padding": 20,
      }
    }
  >
    <Text
      style={
        Object {
          "fontSize": 42.5,
        }
      }
      theme={
        Object {
          "colors": Object {
            "disabled": "hsl(208, 8%, 90%)",
            "divider": "#bcbbc1",
            "error": "#ff190c",
            "grey0": "#393e42",
            "grey1": "#43484d",
            "grey2": "#5e6977",
            "grey3": "#86939e",
            "grey4": "#bdc6cf",
            "grey5": "#e1e8ee",
            "greyOutline": "#bbb",
            "platform": Object {
              "android": Object {
                "error": "#f44336",
                "primary": "#2196f3",
                "secondary": "#9C27B0",
                "success": "#4caf50",
                "warning": "#ffeb3b",
              },
              "ios": Object {
                "error": "#ff3b30",
                "primary": "#007aff",
                "secondary": "#5856d6",
                "success": "#4cd964",
                "warning": "#ffcc00",
              },
            },
            "primary": "#2089dc",
            "searchBg": "#303337",
            "secondary": "#8F0CE8",
            "success": "#52c41a",
            "warning": "#faad14",
          },
        }
      }
    >
      Settings
    </Text>
  </View>
  <View
    style={
      Object {
        "padding": 20,
      }
    }
  >
    <View
      style={
        Object {
          "borderRadius": 3,
        }
      }
    >
      <View
        accessible={true}
        isTVSelectable={true}
        onResponderGrant={[Function]}
        onResponderMove={[Function]}
        onResponderRelease={[Function]}
        onResponderTerminate={[Function]}
        onResponderTerminationRequest={[Function]}
        onStartShouldSetResponder={[Function]}
        style={
          Object {
            "opacity": 1,
          }
        }
      >
        <View
          style={
            Object {
              "alignItems": "center",
              "backgroundColor": "transparent",
              "borderColor": "#2089dc",
              "borderRadius": 3,
              "borderWidth": 0,
              "flexDirection": "row",
              "justifyContent": "center",
              "marginBottom": 5,
              "padding": 8,
            }
          }
        >
          <Text
            style={
              Object {
                "color": "grey",
                "fontSize": 20,
                "paddingBottom": 1,
                "paddingTop": 2,
                "textAlign": "center",
              }
            }
          >
            Player Mode
          </Text>
        </View>
      </View>
    </View>
  </View>
  <View
    style={
      Object {
        "bottom": 0,
        "marginBottom": 50,
        "position": "absolute",
      }
    }
  >
    <View
      style={
        Object {
          "borderRadius": 3,
        }
      }
    >
      <View
        accessible={true}
        isTVSelectable={true}
        onResponderGrant={[Function]}
        onResponderMove={[Function]}
        onResponderRelease={[Function]}
        onResponderTerminate={[Function]}
        onResponderTerminationRequest={[Function]}
        onStartShouldSetResponder={[Function]}
        style={
          Object {
            "opacity": 1,
          }
        }
      >
        <View
          style={
            Object {
              "alignItems": "center",
              "backgroundColor": "transparent",
              "borderColor": "#2089dc",
              "borderRadius": 3,
              "borderWidth": 0,
              "flexDirection": "row",
              "justifyContent": "center",
              "padding": 8,
            }
          }
        >
          <Text
            style={
              Object {
                "color": "grey",
                "fontSize": 20,
                "paddingBottom": 1,
                "paddingTop": 2,
                "textAlign": "center",
              }
            }
          >
            Sign off
          </Text>
        </View>
      </View>
    </View>
  </View>
</View>
`;
