// Jest Snapshot v1, https://goo.gl/fbAQLP

exports[`<RequestList /> .renderItemIsSelected should match the snapshot 1`] = `ShallowWrapper {}`;

exports[`<RequestList /> RequestList test against snapshot 1`] = `
<View
  style={
    Object {
      "flex": 1,
      "padding": 20,
    }
  }
>
  <View
    style={
      Object {
        "alignItems": "center",
        "marginTop": 50,
        "padding": 20,
      }
    }
  >
    <Text
      style={
        Object {
          "fontSize": 42.5,
        }
      }
      theme={
        Object {
          "colors": Object {
            "disabled": "hsl(208, 8%, 90%)",
            "divider": "#bcbbc1",
            "error": "#ff190c",
            "grey0": "#393e42",
            "grey1": "#43484d",
            "grey2": "#5e6977",
            "grey3": "#86939e",
            "grey4": "#bdc6cf",
            "grey5": "#e1e8ee",
            "greyOutline": "#bbb",
            "platform": Object {
              "android": Object {
                "error": "#f44336",
                "primary": "#2196f3",
                "secondary": "#9C27B0",
                "success": "#4caf50",
                "warning": "#ffeb3b",
              },
              "ios": Object {
                "error": "#ff3b30",
                "primary": "#007aff",
                "secondary": "#5856d6",
                "success": "#4cd964",
                "warning": "#ffcc00",
              },
            },
            "primary": "#2089dc",
            "searchBg": "#303337",
            "secondary": "#8F0CE8",
            "success": "#52c41a",
            "warning": "#faad14",
          },
        }
      }
    >
      Editors Requests
    </Text>
  </View>
  <View
    style={
      Object {
        "flexDirection": "row",
        "justifyContent": "space-around",
        "marginTop": 50,
        "padding": 10,
      }
    }
  >
    <ActivityIndicator
      animating={true}
      color="grey"
      hidesWhenStopped={true}
      size="large"
    />
  </View>
  <View
    pointerEvents="box-none"
    style={
      Array [
        Array [
          Object {
            "backgroundColor": "transparent",
            "bottom": 0,
            "left": 0,
            "position": "absolute",
            "right": 0,
            "top": 0,
          },
          Object {
            "elevation": undefined,
            "justifyContent": "flex-end",
            "zIndex": undefined,
          },
        ],
        undefined,
      ]
    }
  >
    <View
      pointerEvents="none"
      style={
        Object {
          "backgroundColor": "transparent",
          "bottom": 0,
          "elevation": undefined,
          "justifyContent": "flex-end",
          "left": 0,
          "opacity": 0,
          "position": "absolute",
          "right": 0,
          "top": 0,
          "zIndex": undefined,
        }
      }
    />
    <View
      pointerEvents="box-none"
      style={
        Array [
          Array [
            Object {
              "backgroundColor": "transparent",
              "bottom": 0,
              "left": 0,
              "position": "absolute",
              "right": 0,
              "top": 0,
            },
            Object {
              "elevation": undefined,
              "justifyContent": "flex-end",
              "zIndex": undefined,
            },
          ],
          Object {
            "alignItems": "flex-end",
          },
          Object {
            "paddingVertical": 30,
          },
        ]
      }
    >
      <View
        style={
          Array [
            Object {
              "marginHorizontal": 30,
              "zIndex": undefined,
            },
            false,
            false,
          ]
        }
      >
        <View
          accessible={true}
          isTVSelectable={true}
          onResponderGrant={[Function]}
          onResponderMove={[Function]}
          onResponderRelease={[Function]}
          onResponderTerminate={[Function]}
          onResponderTerminationRequest={[Function]}
          onStartShouldSetResponder={[Function]}
          style={
            Object {
              "opacity": 1,
            }
          }
        >
          <View
            style={
              Object {
                "backgroundColor": "rgba(128, 128, 128, 1)",
                "borderRadius": 28,
                "height": 56,
                "width": 56,
              }
            }
          >
            <View
              style={
                Object {
                  "alignItems": "center",
                  "borderRadius": 28,
                  "height": 56,
                  "justifyContent": "center",
                  "transform": Array [
                    Object {
                      "scale": 1,
                    },
                    Object {
                      "rotate": "0deg",
                    },
                  ],
                  "width": 56,
                }
              }
            >
              <Text
                allowFontScaling={false}
                className="filter-inactive"
                style={
                  Array [
                    Object {
                      "color": "white",
                      "fontSize": 30,
                    },
                    undefined,
                    Object {
                      "fontFamily": "FontAwesome",
                      "fontStyle": "normal",
                      "fontWeight": "normal",
                    },
                    Object {},
                  ]
                }
              >
                ï‚°
              </Text>
            </View>
          </View>
        </View>
      </View>
    </View>
  </View>
</View>
`;
