// Jest Snapshot v1, https://goo.gl/fbAQLP

exports[`.renderItem should match the snapshot 1`] = `ShallowWrapper {}`;

exports[`<QuizzesScreen/> CreateQuiz test against snapshot 1`] = `
<View
  style={
    Object {
      "alignItems": "center",
      "flex": 1,
      "padding": 20,
    }
  }
>
  <View
    style={
      Object {
        "marginBottom": 10,
        "marginTop": 50,
        "padding": 20,
      }
    }
  >
    <Text
      style={
        Object {
          "fontSize": 42.5,
          "fontWeight": "600",
        }
      }
      theme={
        Object {
          "colors": Object {
            "disabled": "hsl(208, 8%, 90%)",
            "divider": "#bcbbc1",
            "error": "#ff190c",
            "grey0": "#393e42",
            "grey1": "#43484d",
            "grey2": "#5e6977",
            "grey3": "#86939e",
            "grey4": "#bdc6cf",
            "grey5": "#e1e8ee",
            "greyOutline": "#bbb",
            "platform": Object {
              "android": Object {
                "error": "#f44336",
                "primary": "#2196f3",
                "secondary": "#9C27B0",
                "success": "#4caf50",
                "warning": "#ffeb3b",
              },
              "ios": Object {
                "error": "#ff3b30",
                "primary": "#007aff",
                "secondary": "#5856d6",
                "success": "#4cd964",
                "warning": "#ffcc00",
              },
            },
            "primary": "#2089dc",
            "searchBg": "#303337",
            "secondary": "#8F0CE8",
            "success": "#52c41a",
            "warning": "#faad14",
          },
        }
      }
    >
      Quizzes
    </Text>
  </View>
  <View
    className="loadingShow"
    style={
      Array [
        Object {
          "flexDirection": "row",
          "justifyContent": "space-around",
          "padding": 10,
        },
      ]
    }
  >
    <ActivityIndicator
      animating={true}
      color="grey"
      hidesWhenStopped={true}
      size="large"
    />
  </View>
  <RCTScrollView
    activeAnimationOptions={null}
    activeAnimationType="timing"
    activeSlideAlignment="center"
    activeSlideOffset={20}
    apparitionDelay={0}
    automaticallyAdjustContentInsets={false}
    autoplay={false}
    autoplayDelay={1000}
    autoplayInterval={3000}
    callbackOffsetMargin={5}
    className="carousel"
    containerCustomStyle={Object {}}
    contentContainerCustomStyle={Object {}}
    contentContainerStyle={
      Array [
        Object {
          "paddingLeft": 67.5,
          "paddingRight": 67.5,
        },
        Object {},
      ]
    }
    data={Array []}
    decelerationRate="fast"
    directionalLockEnabled={true}
    enableMomentum={false}
    enableSnap={true}
    firstItem={0}
    hasParallaxImages={false}
    horizontal={true}
    inactiveSlideOpacity={0.7}
    inactiveSlideScale={0.9}
    inactiveSlideShift={0}
    inverted={false}
    itemWidth={615}
    layout="stack"
    lockScrollTimeoutDuration={1000}
    lockScrollWhileSnapping={false}
    loop={false}
    loopClonesPerSide={3}
    onLayout={[Function]}
    onResponderRelease={[Function]}
    onScroll={[Function]}
    onScrollBeginDrag={[Function]}
    onScrollEndDrag={[Function]}
    onStartShouldSetResponderCapture={[Function]}
    onTouchEnd={[Function]}
    onTouchStart={[Function]}
    overScrollMode="never"
    pinchGestureEnabled={false}
    removeClippedSubviews={false}
    renderItem={[Function]}
    scrollEnabled={true}
    scrollEventThrottle={1}
    scrollInterpolator={null}
    scrollsToTop={false}
    shouldOptimizeUpdates={true}
    showsHorizontalScrollIndicator={false}
    showsVerticalScrollIndicator={false}
    slideInterpolatedStyle={null}
    slideStyle={Object {}}
    sliderWidth={750}
    style={
      Object {
        "flexDirection": "row",
        "opacity": 0,
        "width": 750,
      }
    }
    swipeThreshold={20}
    useScrollView={false}
    vertical={false}
  >
    <View />
  </RCTScrollView>
  <View />
  <View
    style={
      Object {
        "alignSelf": "center",
        "backgroundColor": "black",
        "borderRadius": 14,
        "elevation": 10,
        "height": 330,
        "marginTop": 250,
        "position": "absolute",
        "shadowColor": "#000",
        "shadowOffset": Object {
          "height": 10,
          "width": 0,
        },
        "shadowOpacity": 0.6,
        "shadowRadius": 10,
        "transform": Array [
          Object {
            "translateX": -600,
          },
        ],
        "width": 250,
      }
    }
  >
    <Text
      style={
        Object {
          "alignSelf": "center",
          "color": "white",
          "fontSize": 30,
          "marginTop": 30,
        }
      }
      theme={
        Object {
          "colors": Object {
            "disabled": "hsl(208, 8%, 90%)",
            "divider": "#bcbbc1",
            "error": "#ff190c",
            "grey0": "#393e42",
            "grey1": "#43484d",
            "grey2": "#5e6977",
            "grey3": "#86939e",
            "grey4": "#bdc6cf",
            "grey5": "#e1e8ee",
            "greyOutline": "#bbb",
            "platform": Object {
              "android": Object {
                "error": "#f44336",
                "primary": "#2196f3",
                "secondary": "#9C27B0",
                "success": "#4caf50",
                "warning": "#ffeb3b",
              },
              "ios": Object {
                "error": "#ff3b30",
                "primary": "#007aff",
                "secondary": "#5856d6",
                "success": "#4cd964",
                "warning": "#ffcc00",
              },
            },
            "primary": "#2089dc",
            "searchBg": "#303337",
            "secondary": "#8F0CE8",
            "success": "#52c41a",
            "warning": "#faad14",
          },
        }
      }
    >
      Filter
    </Text>
    <Text
      style={
        Object {
          "color": "white",
          "fontSize": 22,
          "marginLeft": 30,
          "marginTop": 10,
        }
      }
      theme={
        Object {
          "colors": Object {
            "disabled": "hsl(208, 8%, 90%)",
            "divider": "#bcbbc1",
            "error": "#ff190c",
            "grey0": "#393e42",
            "grey1": "#43484d",
            "grey2": "#5e6977",
            "grey3": "#86939e",
            "grey4": "#bdc6cf",
            "grey5": "#e1e8ee",
            "greyOutline": "#bbb",
            "platform": Object {
              "android": Object {
                "error": "#f44336",
                "primary": "#2196f3",
                "secondary": "#9C27B0",
                "success": "#4caf50",
                "warning": "#ffeb3b",
              },
              "ios": Object {
                "error": "#ff3b30",
                "primary": "#007aff",
                "secondary": "#5856d6",
                "success": "#4cd964",
                "warning": "#ffcc00",
              },
            },
            "primary": "#2089dc",
            "searchBg": "#303337",
            "secondary": "#8F0CE8",
            "success": "#52c41a",
            "warning": "#faad14",
          },
        }
      }
    >
      Order by
    </Text>
    <View
      accessible={true}
      isTVSelectable={true}
      onResponderGrant={[Function]}
      onResponderMove={[Function]}
      onResponderRelease={[Function]}
      onResponderTerminate={[Function]}
      onResponderTerminationRequest={[Function]}
      onStartShouldSetResponder={[Function]}
      style={
        Object {
          "alignItems": "flex-start",
          "borderRadius": 14,
          "flexDirection": "row",
          "justifyContent": "flex-start",
          "opacity": 1,
          "zIndex": -1,
        }
      }
    >
      <Text
        style={
          Object {
            "color": "white",
            "fontSize": 17,
            "marginLeft": 30,
            "marginTop": 10,
          }
        }
        theme={
          Object {
            "colors": Object {
              "disabled": "hsl(208, 8%, 90%)",
              "divider": "#bcbbc1",
              "error": "#ff190c",
              "grey0": "#393e42",
              "grey1": "#43484d",
              "grey2": "#5e6977",
              "grey3": "#86939e",
              "grey4": "#bdc6cf",
              "grey5": "#e1e8ee",
              "greyOutline": "#bbb",
              "platform": Object {
                "android": Object {
                  "error": "#f44336",
                  "primary": "#2196f3",
                  "secondary": "#9C27B0",
                  "success": "#4caf50",
                  "warning": "#ffeb3b",
                },
                "ios": Object {
                  "error": "#ff3b30",
                  "primary": "#007aff",
                  "secondary": "#5856d6",
                  "success": "#4cd964",
                  "warning": "#ffcc00",
                },
              },
              "primary": "#2089dc",
              "searchBg": "#303337",
              "secondary": "#8F0CE8",
              "success": "#52c41a",
              "warning": "#faad14",
            },
          }
        }
      >
          Title    
        <Text
          allowFontScaling={false}
          style={
            Array [
              Object {
                "color": "#33d9b2",
                "fontSize": 18,
              },
              undefined,
              Object {
                "fontFamily": "FontAwesome",
                "fontStyle": "normal",
                "fontWeight": "normal",
              },
              Object {},
            ]
          }
        >
          ï€Œ
        </Text>
         
      </Text>
    </View>
    <View
      accessible={true}
      isTVSelectable={true}
      onResponderGrant={[Function]}
      onResponderMove={[Function]}
      onResponderRelease={[Function]}
      onResponderTerminate={[Function]}
      onResponderTerminationRequest={[Function]}
      onStartShouldSetResponder={[Function]}
      style={
        Object {
          "alignItems": "flex-start",
          "borderRadius": 14,
          "flexDirection": "row",
          "justifyContent": "flex-start",
          "opacity": 1,
          "zIndex": -1,
        }
      }
    >
      <Text
        style={
          Object {
            "color": "white",
            "fontSize": 17,
            "marginLeft": 30,
            "marginTop": 10,
          }
        }
        theme={
          Object {
            "colors": Object {
              "disabled": "hsl(208, 8%, 90%)",
              "divider": "#bcbbc1",
              "error": "#ff190c",
              "grey0": "#393e42",
              "grey1": "#43484d",
              "grey2": "#5e6977",
              "grey3": "#86939e",
              "grey4": "#bdc6cf",
              "grey5": "#e1e8ee",
              "greyOutline": "#bbb",
              "platform": Object {
                "android": Object {
                  "error": "#f44336",
                  "primary": "#2196f3",
                  "secondary": "#9C27B0",
                  "success": "#4caf50",
                  "warning": "#ffeb3b",
                },
                "ios": Object {
                  "error": "#ff3b30",
                  "primary": "#007aff",
                  "secondary": "#5856d6",
                  "success": "#4cd964",
                  "warning": "#ffcc00",
                },
              },
              "primary": "#2089dc",
              "searchBg": "#303337",
              "secondary": "#8F0CE8",
              "success": "#52c41a",
              "warning": "#faad14",
            },
          }
        }
      >
          Description    
        <Text
          style={Object {}}
          theme={
            Object {
              "colors": Object {
                "disabled": "hsl(208, 8%, 90%)",
                "divider": "#bcbbc1",
                "error": "#ff190c",
                "grey0": "#393e42",
                "grey1": "#43484d",
                "grey2": "#5e6977",
                "grey3": "#86939e",
                "grey4": "#bdc6cf",
                "grey5": "#e1e8ee",
                "greyOutline": "#bbb",
                "platform": Object {
                  "android": Object {
                    "error": "#f44336",
                    "primary": "#2196f3",
                    "secondary": "#9C27B0",
                    "success": "#4caf50",
                    "warning": "#ffeb3b",
                  },
                  "ios": Object {
                    "error": "#ff3b30",
                    "primary": "#007aff",
                    "secondary": "#5856d6",
                    "success": "#4cd964",
                    "warning": "#ffcc00",
                  },
                },
                "primary": "#2089dc",
                "searchBg": "#303337",
                "secondary": "#8F0CE8",
                "success": "#52c41a",
                "warning": "#faad14",
              },
            }
          }
        >
          
        </Text>
         
      </Text>
    </View>
    <Text
      style={
        Object {
          "color": "white",
          "fontSize": 22,
          "marginLeft": 30,
          "marginTop": 20,
        }
      }
      theme={
        Object {
          "colors": Object {
            "disabled": "hsl(208, 8%, 90%)",
            "divider": "#bcbbc1",
            "error": "#ff190c",
            "grey0": "#393e42",
            "grey1": "#43484d",
            "grey2": "#5e6977",
            "grey3": "#86939e",
            "grey4": "#bdc6cf",
            "grey5": "#e1e8ee",
            "greyOutline": "#bbb",
            "platform": Object {
              "android": Object {
                "error": "#f44336",
                "primary": "#2196f3",
                "secondary": "#9C27B0",
                "success": "#4caf50",
                "warning": "#ffeb3b",
              },
              "ios": Object {
                "error": "#ff3b30",
                "primary": "#007aff",
                "secondary": "#5856d6",
                "success": "#4cd964",
                "warning": "#ffcc00",
              },
            },
            "primary": "#2089dc",
            "searchBg": "#303337",
            "secondary": "#8F0CE8",
            "success": "#52c41a",
            "warning": "#faad14",
          },
        }
      }
    >
      Search
    </Text>
    <TextInput
      allowFontScaling={true}
      className="title2"
      onChangeText={[Function]}
      placeholder="Word"
      placeholderTextColor="darkgrey"
      rejectResponderTermination={true}
      style={
        Object {
          "backgroundColor": "dimgrey",
          "borderRadius": 14,
          "color": "white",
          "fontSize": 15,
          "fontWeight": "500",
          "height": 30,
          "margin": 10,
          "marginLeft": 40,
          "padding": 8,
          "width": 150,
        }
      }
      underlineColorAndroid="transparent"
    />
    <View
      accessible={true}
      isTVSelectable={true}
      onResponderGrant={[Function]}
      onResponderMove={[Function]}
      onResponderRelease={[Function]}
      onResponderTerminate={[Function]}
      onResponderTerminationRequest={[Function]}
      onStartShouldSetResponder={[Function]}
      style={
        Object {
          "alignSelf": "center",
          "backgroundColor": "white",
          "borderRadius": 14,
          "height": 30,
          "marginTop": 20,
          "opacity": 1,
          "width": 70,
        }
      }
    >
      <Text
        style={
          Object {
            "alignSelf": "center",
            "color": "black",
            "fontSize": 15,
            "fontWeight": "bold",
            "marginTop": 6,
          }
        }
        theme={
          Object {
            "colors": Object {
              "disabled": "hsl(208, 8%, 90%)",
              "divider": "#bcbbc1",
              "error": "#ff190c",
              "grey0": "#393e42",
              "grey1": "#43484d",
              "grey2": "#5e6977",
              "grey3": "#86939e",
              "grey4": "#bdc6cf",
              "grey5": "#e1e8ee",
              "greyOutline": "#bbb",
              "platform": Object {
                "android": Object {
                  "error": "#f44336",
                  "primary": "#2196f3",
                  "secondary": "#9C27B0",
                  "success": "#4caf50",
                  "warning": "#ffeb3b",
                },
                "ios": Object {
                  "error": "#ff3b30",
                  "primary": "#007aff",
                  "secondary": "#5856d6",
                  "success": "#4cd964",
                  "warning": "#ffcc00",
                },
              },
              "primary": "#2089dc",
              "searchBg": "#303337",
              "secondary": "#8F0CE8",
              "success": "#52c41a",
              "warning": "#faad14",
            },
          }
        }
      >
        OK
      </Text>
    </View>
  </View>
  <View
    pointerEvents="box-none"
    style={
      Array [
        Array [
          Object {
            "backgroundColor": "transparent",
            "bottom": 0,
            "left": 0,
            "position": "absolute",
            "right": 0,
            "top": 0,
          },
          Object {
            "elevation": undefined,
            "justifyContent": "flex-end",
            "zIndex": undefined,
          },
        ],
        undefined,
      ]
    }
  >
    <View
      pointerEvents="none"
      style={
        Object {
          "backgroundColor": "transparent",
          "bottom": 0,
          "elevation": undefined,
          "justifyContent": "flex-end",
          "left": 0,
          "opacity": 0,
          "position": "absolute",
          "right": 0,
          "top": 0,
          "zIndex": undefined,
        }
      }
    />
    <View
      pointerEvents="box-none"
      style={
        Array [
          Array [
            Object {
              "backgroundColor": "transparent",
              "bottom": 0,
              "left": 0,
              "position": "absolute",
              "right": 0,
              "top": 0,
            },
            Object {
              "elevation": undefined,
              "justifyContent": "flex-end",
              "zIndex": undefined,
            },
          ],
          Object {
            "alignItems": "flex-end",
          },
          Object {
            "paddingVertical": 30,
          },
        ]
      }
    >
      <View
        style={
          Array [
            Object {
              "marginHorizontal": 30,
              "zIndex": undefined,
            },
            false,
            false,
          ]
        }
      >
        <View
          accessible={true}
          isTVSelectable={true}
          onResponderGrant={[Function]}
          onResponderMove={[Function]}
          onResponderRelease={[Function]}
          onResponderTerminate={[Function]}
          onResponderTerminationRequest={[Function]}
          onStartShouldSetResponder={[Function]}
          style={
            Object {
              "opacity": 1,
            }
          }
        >
          <View
            style={
              Object {
                "backgroundColor": "rgba(0, 0, 0, 1)",
                "borderRadius": 32.5,
                "height": 65,
                "width": 65,
              }
            }
          >
            <View
              style={
                Object {
                  "alignItems": "center",
                  "borderRadius": 32.5,
                  "height": 65,
                  "justifyContent": "center",
                  "transform": Array [
                    Object {
                      "scale": 1,
                    },
                    Object {
                      "rotate": "0deg",
                    },
                  ],
                  "width": 65,
                }
              }
            >
              <Text
                allowFontScaling={false}
                className="filter-inactive"
                style={
                  Array [
                    Object {
                      "color": "white",
                      "fontSize": 30,
                    },
                    undefined,
                    Object {
                      "fontFamily": "FontAwesome",
                      "fontStyle": "normal",
                      "fontWeight": "normal",
                    },
                    Object {},
                  ]
                }
              >
                ï‚°
              </Text>
            </View>
          </View>
        </View>
      </View>
    </View>
  </View>
</View>
`;
